<html>
<body>
<pre>
<h1>µVision Build Log</h1>
<h2>Project:</h2>
F:\GitHub\STM32\STM32\V3.x\USART\USER\STM32-DEMO.uvproj
Project File Date:  11/02/2013

<h2>Output:</h2>
Build target 'STM32-DEMO'
assembling startup_stm32f10x_md.s...
compiling main.c...
usart1.h(6): warning:  #1-D: last line of file ends without a newline
compiling stm32f10x_it.c...
compiling usart1.c...
usart1.h(6): warning:  #1-D: last line of file ends without a newline
usart1.c(24): error:  #20: identifier "GPIO_InitTypeDef" is undefined
usart1.c(25): error:  #20: identifier "USART_InitTypeDef" is undefined
usart1.c(28): warning:  #223-D: function "RCC_APB2PeriphClockCmd" declared implicitly
usart1.c(28): error:  #20: identifier "RCC_APB2Periph_USART1" is undefined
usart1.c(28): error:  #20: identifier "RCC_APB2Periph_GPIOA" is undefined
usart1.c(28): error:  #20: identifier "ENABLE" is undefined
usart1.c(32): error:  #20: identifier "GPIO_Pin_9" is undefined
usart1.c(33): error:  #20: identifier "GPIO_Mode_AF_PP" is undefined
usart1.c(34): error:  #20: identifier "GPIO_Speed_50MHz" is undefined
usart1.c(35): warning:  #223-D: function "GPIO_Init" declared implicitly
usart1.c(35): error:  #20: identifier "GPIOA" is undefined
usart1.c(37): error:  #20: identifier "GPIO_Pin_10" is undefined
usart1.c(38): error:  #20: identifier "GPIO_Mode_IN_FLOATING" is undefined
usart1.c(43): error:  #20: identifier "USART_WordLength_8b" is undefined
usart1.c(44): error:  #20: identifier "USART_StopBits_1" is undefined
usart1.c(45): error:  #20: identifier "USART_Parity_No" is undefined
usart1.c(46): error:  #20: identifier "USART_HardwareFlowControl_None" is undefined
usart1.c(47): error:  #20: identifier "USART_Mode_Rx" is undefined
usart1.c(47): error:  #20: identifier "USART_Mode_Tx" is undefined
usart1.c(48): warning:  #223-D: function "USART_Init" declared implicitly
usart1.c(48): error:  #20: identifier "USART1" is undefined
usart1.c(50): warning:  #223-D: function "USART_Cmd" declared implicitly
usart1.c(67): error:  #20: identifier "FILE" is undefined
usart1.c(70): warning:  #223-D: function "USART_SendData" declared implicitly
usart1.c(70): error:  #20: identifier "USART1" is undefined
usart1.c(72): warning:  #223-D: function "USART_GetFlagStatus" declared implicitly
usart1.c(72): error:  #20: identifier "USART_FLAG_TC" is undefined
usart1.c(72): error:  #20: identifier "SET" is undefined
compiling stm32f10x_gpio.c...
compiling stm32f10x_rcc.c...
compiling stm32f10x_usart.c...
compiling core_cm3.c...
compiling system_stm32f10x.c...
Target not created
Build target 'STM32-DEMO'
assembling startup_stm32f10x_md.s...
compiling main.c...
compiling stm32f10x_it.c...
compiling usart1.c...
usart1.c(24): error:  #20: identifier "GPIO_InitTypeDef" is undefined
usart1.c(25): error:  #20: identifier "USART_InitTypeDef" is undefined
usart1.c(28): warning:  #223-D: function "RCC_APB2PeriphClockCmd" declared implicitly
usart1.c(28): error:  #20: identifier "RCC_APB2Periph_USART1" is undefined
usart1.c(28): error:  #20: identifier "RCC_APB2Periph_GPIOA" is undefined
usart1.c(28): error:  #20: identifier "ENABLE" is undefined
usart1.c(32): error:  #20: identifier "GPIO_Pin_9" is undefined
usart1.c(33): error:  #20: identifier "GPIO_Mode_AF_PP" is undefined
usart1.c(34): error:  #20: identifier "GPIO_Speed_50MHz" is undefined
usart1.c(35): warning:  #223-D: function "GPIO_Init" declared implicitly
usart1.c(35): error:  #20: identifier "GPIOA" is undefined
usart1.c(37): error:  #20: identifier "GPIO_Pin_10" is undefined
usart1.c(38): error:  #20: identifier "GPIO_Mode_IN_FLOATING" is undefined
usart1.c(43): error:  #20: identifier "USART_WordLength_8b" is undefined
usart1.c(44): error:  #20: identifier "USART_StopBits_1" is undefined
usart1.c(45): error:  #20: identifier "USART_Parity_No" is undefined
usart1.c(46): error:  #20: identifier "USART_HardwareFlowControl_None" is undefined
usart1.c(47): error:  #20: identifier "USART_Mode_Rx" is undefined
usart1.c(47): error:  #20: identifier "USART_Mode_Tx" is undefined
usart1.c(48): warning:  #223-D: function "USART_Init" declared implicitly
usart1.c(48): error:  #20: identifier "USART1" is undefined
usart1.c(50): warning:  #223-D: function "USART_Cmd" declared implicitly
usart1.c(67): error:  #20: identifier "FILE" is undefined
usart1.c(70): warning:  #223-D: function "USART_SendData" declared implicitly
usart1.c(70): error:  #20: identifier "USART1" is undefined
usart1.c(72): warning:  #223-D: function "USART_GetFlagStatus" declared implicitly
usart1.c(72): error:  #20: identifier "USART_FLAG_TC" is undefined
usart1.c(72): error:  #20: identifier "SET" is undefined
compiling stm32f10x_gpio.c...
compiling stm32f10x_rcc.c...
compiling stm32f10x_usart.c...
compiling core_cm3.c...
compiling system_stm32f10x.c...
Target not created
Build target 'STM32-DEMO'
assembling startup_stm32f10x_md.s...
compiling main.c...
compiling stm32f10x_it.c...
compiling usart1.c...
usart1.c(68): error:  #20: identifier "FILE" is undefined
compiling stm32f10x_gpio.c...
compiling stm32f10x_rcc.c...
compiling stm32f10x_usart.c...
compiling core_cm3.c...
compiling system_stm32f10x.c...
Target not created
Build target 'STM32-DEMO'
assembling startup_stm32f10x_md.s...
compiling main.c...
compiling stm32f10x_it.c...
compiling usart1.c...
compiling stm32f10x_gpio.c...
compiling stm32f10x_rcc.c...
compiling stm32f10x_usart.c...
compiling core_cm3.c...
compiling system_stm32f10x.c...
linking...
Program Size: Code=3776 RO-data=268 RW-data=40 ZI-data=1632  
FromELF: creating hex file...
"..\Output\DEMO.axf" - 0 Error(s), 0 Warning(s).
Build target 'STM32-DEMO'
assembling startup_stm32f10x_md.s...
compiling main.c...
compiling stm32f10x_it.c...
compiling usart1.c...
usart1.c(85): warning:  #177-D: function "itoa" was declared but never referenced
compiling stm32f10x_gpio.c...
compiling stm32f10x_rcc.c...
compiling stm32f10x_usart.c...
compiling core_cm3.c...
compiling system_stm32f10x.c...
linking...
Program Size: Code=3772 RO-data=268 RW-data=44 ZI-data=1028  
FromELF: creating hex file...
"..\Output\DEMO.axf" - 0 Error(s), 1 Warning(s).
Build target 'STM32-DEMO'
assembling startup_stm32f10x_md.s...
compiling main.c...
compiling stm32f10x_it.c...
compiling usart1.c...
usart1.c(153): error:  #20: identifier "va_list" is undefined
usart1.c(154): warning:  #223-D: function "va_start" declared implicitly
usart1.c(182): warning:  #223-D: function "va_arg" declared implicitly
usart1.c(182): error:  #29: expected an expression
usart1.c(182): error:  #513: a value of type "int" cannot be assigned to an entity of type "const char *"
usart1.c(192): error:  #29: expected an expression
compiling stm32f10x_gpio.c...
compiling stm32f10x_rcc.c...
compiling stm32f10x_usart.c...
compiling core_cm3.c...
compiling system_stm32f10x.c...
Target not created
Build target 'STM32-DEMO'
assembling startup_stm32f10x_md.s...
compiling main.c...
compiling stm32f10x_it.c...
compiling usart1.c...
compiling stm32f10x_gpio.c...
compiling stm32f10x_rcc.c...
compiling stm32f10x_usart.c...
compiling core_cm3.c...
compiling system_stm32f10x.c...
linking...
Program Size: Code=4032 RO-data=268 RW-data=44 ZI-data=1028  
FromELF: creating hex file...
"..\Output\DEMO.axf" - 0 Error(s), 0 Warning(s).
Build target 'STM32-DEMO'
assembling startup_stm32f10x_md.s...
compiling main.c...
compiling stm32f10x_it.c...
compiling usart1.c...
compiling stm32f10x_gpio.c...
compiling stm32f10x_rcc.c...
compiling stm32f10x_usart.c...
compiling core_cm3.c...
compiling system_stm32f10x.c...
linking...
Program Size: Code=4124 RO-data=268 RW-data=44 ZI-data=1028  
FromELF: creating hex file...
"..\Output\DEMO.axf" - 0 Error(s), 0 Warning(s).
