<html>
<body>
<pre>
<h1>µVision Build Log</h1>
<h2>Project:</h2>
F:\GitHub\STM32\STM32\V3.x\EXTI\USER\STM32-DEMO.uvproj
Project File Date:  11/02/2013

<h2>Output:</h2>
Build target 'STM32-DEMO'
assembling startup_stm32f10x_md.s...
compiling main.c...
compiling stm32f10x_it.c...
compiling exti.c...
exti.c(70): warning:  #1-D: last line of file ends without a newline
compiling led.c...
compiling misc.c...
compiling stm32f10x_exti.c...
compiling stm32f10x_gpio.c...
compiling stm32f10x_rcc.c...
compiling core_cm3.c...
compiling system_stm32f10x.c...
linking...
Program Size: Code=3348 RO-data=268 RW-data=40 ZI-data=1632  
FromELF: creating hex file...
"..\Output\DEMO.axf" - 0 Error(s), 1 Warning(s).
Build target 'STM32-DEMO'
assembling startup_stm32f10x_md.s...
compiling main.c...
compiling stm32f10x_it.c...
compiling exti.c...
compiling led.c...
compiling misc.c...
compiling stm32f10x_exti.c...
compiling stm32f10x_gpio.c...
compiling stm32f10x_rcc.c...
compiling core_cm3.c...
compiling system_stm32f10x.c...
linking...
Program Size: Code=3348 RO-data=268 RW-data=40 ZI-data=1632  
FromELF: creating hex file...
"..\Output\DEMO.axf" - 0 Error(s), 0 Warning(s).
Build target 'STM32-DEMO'
assembling startup_stm32f10x_md.s...
compiling main.c...
compiling stm32f10x_it.c...
compiling exti.c...
compiling led.c...
compiling misc.c...
compiling stm32f10x_exti.c...
compiling stm32f10x_gpio.c...
compiling stm32f10x_rcc.c...
compiling core_cm3.c...
compiling system_stm32f10x.c...
linking...
Program Size: Code=3348 RO-data=268 RW-data=40 ZI-data=1632  
FromELF: creating hex file...
"..\Output\DEMO.axf" - 0 Error(s), 0 Warning(s).
