<html>
<body>
<pre>
<h1>µVision Build Log</h1>
<h2>Project:</h2>
F:\GitHub\STM32\V3.x\Flash\USER\STM32-DEMO.uvproj
Project File Date:  11/04/2013

<h2>Output:</h2>
Build target 'STM32-DEMO'
assembling startup_stm32f10x_md.s...
compiling main.c...
compiling stm32f10x_it.c...
compiling stm32f10x_flash.c...
compiling stm32f10x_gpio.c...
compiling stm32f10x_rcc.c...
compiling core_cm3.c...
compiling system_stm32f10x.c...
linking...
Program Size: Code=2436 RO-data=268 RW-data=48 ZI-data=1632  
FromELF: creating hex file...
"..\Output\DEMO.axf" - 0 Error(s), 0 Warning(s).
compiling main.c...
main.c(178): warning:  #223-D: function "USART1_Config" declared implicitly
main.c(181): warning:  #223-D: function "printf" declared implicitly
main.c(181): error:  #75: operand of "*" must be a pointer
main.c - 1 Error(s), 2 Warning(s).
compiling main.c...
main.c(178): warning:  #223-D: function "USART1_Config" declared implicitly
main.c(181): warning:  #223-D: function "printf" declared implicitly
main.c(181): error:  #158: expression must be an lvalue or a function designator
main.c - 1 Error(s), 2 Warning(s).
Build target 'STM32-DEMO'
assembling startup_stm32f10x_md.s...
compiling main.c...
main.c(178): warning:  #223-D: function "USART1_Config" declared implicitly
main.c(181): warning:  #223-D: function "printf" declared implicitly
main.c(181): error:  #158: expression must be an lvalue or a function designator
compiling stm32f10x_it.c...
compiling usart1.c...
compiling stm32f10x_flash.c...
compiling stm32f10x_gpio.c...
compiling stm32f10x_rcc.c...
compiling stm32f10x_usart.c...
compiling core_cm3.c...
compiling system_stm32f10x.c...
Target not created
compiling main.c...
main.c(182): error:  #158: expression must be an lvalue or a function designator
main.c - 1 Error(s), 0 Warning(s).
compiling main.c...
main.c - 0 Error(s), 0 Warning(s).
Build target 'STM32-DEMO'
assembling startup_stm32f10x_md.s...
compiling main.c...
compiling stm32f10x_it.c...
compiling usart1.c...
compiling stm32f10x_flash.c...
compiling stm32f10x_gpio.c...
compiling stm32f10x_rcc.c...
compiling stm32f10x_usart.c...
compiling core_cm3.c...
compiling system_stm32f10x.c...
linking...
Program Size: Code=6160 RO-data=268 RW-data=72 ZI-data=1024  
FromELF: creating hex file...
"..\Output\DEMO.axf" - 0 Error(s), 0 Warning(s).
compiling main.c...
main.c - 0 Error(s), 0 Warning(s).
Build target 'STM32-DEMO'
assembling startup_stm32f10x_md.s...
compiling main.c...
compiling stm32f10x_it.c...
compiling usart1.c...
compiling stm32f10x_flash.c...
compiling stm32f10x_gpio.c...
compiling stm32f10x_rcc.c...
compiling stm32f10x_usart.c...
compiling core_cm3.c...
compiling system_stm32f10x.c...
linking...
Program Size: Code=6160 RO-data=268 RW-data=72 ZI-data=1024  
FromELF: creating hex file...
"..\Output\DEMO.axf" - 0 Error(s), 0 Warning(s).
Build target 'STM32-DEMO'
assembling startup_stm32f10x_md.s...
compiling main.c...
main.c(182): warning:  #224-D: the format string requires additional arguments
main.c(182): error:  #20: identifier "data" is undefined
compiling stm32f10x_it.c...
compiling usart1.c...
compiling stm32f10x_flash.c...
compiling stm32f10x_gpio.c...
compiling stm32f10x_rcc.c...
compiling stm32f10x_usart.c...
compiling core_cm3.c...
compiling system_stm32f10x.c...
Project build/rebuild aborted.
Target not created
Build target 'STM32-DEMO'
assembling startup_stm32f10x_md.s...
compiling main.c...
main.c(182): error:  #20: identifier "data" is undefined
compiling stm32f10x_it.c...
compiling usart1.c...
compiling stm32f10x_flash.c...
compiling stm32f10x_gpio.c...
compiling stm32f10x_rcc.c...
compiling stm32f10x_usart.c...
compiling core_cm3.c...
compiling system_stm32f10x.c...
Target not created
compiling main.c...
main.c - 0 Error(s), 0 Warning(s).
Build target 'STM32-DEMO'
assembling startup_stm32f10x_md.s...
compiling main.c...
compiling stm32f10x_it.c...
compiling usart1.c...
compiling stm32f10x_flash.c...
compiling stm32f10x_gpio.c...
compiling stm32f10x_rcc.c...
compiling stm32f10x_usart.c...
compiling core_cm3.c...
compiling system_stm32f10x.c...
linking...
Program Size: Code=6168 RO-data=268 RW-data=72 ZI-data=1024  
FromELF: creating hex file...
"..\Output\DEMO.axf" - 0 Error(s), 0 Warning(s).
Build target 'STM32-DEMO'
assembling startup_stm32f10x_md.s...
compiling main.c...
main.c(178): error:  #268: declaration may not appear after executable statement in block
compiling stm32f10x_it.c...
compiling usart1.c...
compiling stm32f10x_flash.c...
compiling stm32f10x_gpio.c...
compiling stm32f10x_rcc.c...
Project build/rebuild aborted.
Target not created
Build target 'STM32-DEMO'
assembling startup_stm32f10x_md.s...
compiling main.c...
main.c(184): error:  #513: a value of type "const unsigned char *" cannot be assigned to an entity of type "unsigned char *"
compiling stm32f10x_it.c...
compiling usart1.c...
compiling stm32f10x_flash.c...
Project build/rebuild aborted.
Target not created
compiling main.c...
main.c - 0 Error(s), 0 Warning(s).
Build target 'STM32-DEMO'
assembling startup_stm32f10x_md.s...
compiling main.c...
compiling stm32f10x_it.c...
compiling usart1.c...
compiling stm32f10x_flash.c...
compiling stm32f10x_gpio.c...
compiling stm32f10x_rcc.c...
compiling stm32f10x_usart.c...
compiling core_cm3.c...
compiling system_stm32f10x.c...
linking...
Program Size: Code=6184 RO-data=268 RW-data=76 ZI-data=1028  
FromELF: creating hex file...
"..\Output\DEMO.axf" - 0 Error(s), 0 Warning(s).
Build target 'STM32-DEMO'
assembling startup_stm32f10x_md.s...
compiling main.c...
compiling stm32f10x_it.c...
compiling usart1.c...
compiling stm32f10x_flash.c...
compiling stm32f10x_gpio.c...
compiling stm32f10x_rcc.c...
Project build/rebuild aborted.
Target not created
Build target 'STM32-DEMO'
assembling startup_stm32f10x_md.s...
compiling main.c...
compiling stm32f10x_it.c...
compiling usart1.c...
compiling stm32f10x_flash.c...
compiling stm32f10x_gpio.c...
compiling stm32f10x_rcc.c...
compiling stm32f10x_usart.c...
compiling core_cm3.c...
compiling system_stm32f10x.c...
linking...
Program Size: Code=6184 RO-data=268 RW-data=76 ZI-data=1028  
FromELF: creating hex file...
"..\Output\DEMO.axf" - 0 Error(s), 0 Warning(s).
