<html>
<body>
<pre>
<h1>µVision Build Log</h1>
<h2>Project:</h2>
F:\GitHub\STM32\STM32\V3.x\LED\USER\STM32-DEMO.uvproj
Project File Date:  10/30/2013

<h2>Output:</h2>
Build target 'STM32-DEMO'
assembling startup_stm32f10x_md.s...
compiling main.c...
main.c(35): error:  #18: expected a ")"
main.c(37): error:  #18: expected a ")"
main.c(39): error:  #18: expected a ")"
main.c(41): error:  #18: expected a ")"
main.c(43): error:  #18: expected a ")"
main.c(45): error:  #18: expected a ")"
main.c(47): error:  #18: expected a ")"
main.c(49): error:  #18: expected a ")"
compiling stm32f10x_it.c...
compiling led.c...
compiling stm32f10x_gpio.c...
compiling stm32f10x_rcc.c...
compiling core_cm3.c...
compiling system_stm32f10x.c...
Target not created
Build target 'STM32-DEMO'
assembling startup_stm32f10x_md.s...
compiling main.c...
compiling stm32f10x_it.c...
compiling led.c...
compiling stm32f10x_gpio.c...
compiling stm32f10x_rcc.c...
compiling core_cm3.c...
compiling system_stm32f10x.c...
linking...
Program Size: Code=2764 RO-data=268 RW-data=40 ZI-data=1632  
FromELF: creating hex file...
"..\Output\DEMO.axf" - 0 Error(s), 0 Warning(s).
