<html>
<body>
<pre>
<h1>µVision Build Log</h1>
<h2>Project:</h2>
F:\GitHub\STM32\V3.x\RTC\USER\STM32-DEMO.uvproj
Project File Date:  11/04/2013

<h2>Output:</h2>
Build target 'STM32-DEMO'
assembling startup_stm32f10x_md.s...
compiling main.c...
compiling stm32f10x_it.c...
compiling rtc.c...
compiling usart1.c...
compiling misc.c...
compiling stm32f10x_adc.c...
compiling stm32f10x_bkp.c...
compiling stm32f10x_can.c...
compiling stm32f10x_cec.c...
compiling stm32f10x_crc.c...
compiling stm32f10x_dac.c...
compiling stm32f10x_dbgmcu.c...
compiling stm32f10x_dma.c...
compiling stm32f10x_exti.c...
compiling stm32f10x_flash.c...
compiling stm32f10x_fsmc.c...
compiling stm32f10x_gpio.c...
compiling stm32f10x_i2c.c...
compiling stm32f10x_iwdg.c...
compiling stm32f10x_pwr.c...
compiling stm32f10x_rcc.c...
Project build/rebuild aborted.
Target not created
Build target 'STM32-DEMO'
assembling startup_stm32f10x_md.s...
compiling main.c...
compiling stm32f10x_it.c...
compiling rtc.c...
compiling usart1.c...
compiling misc.c...
compiling stm32f10x_adc.c...
compiling stm32f10x_bkp.c...
compiling stm32f10x_can.c...
compiling stm32f10x_cec.c...
compiling stm32f10x_crc.c...
compiling stm32f10x_dac.c...
compiling stm32f10x_dbgmcu.c...
compiling stm32f10x_dma.c...
Project build/rebuild aborted.
Target not created
Build target 'STM32-DEMO'
assembling startup_stm32f10x_md.s...
compiling main.c...
compiling stm32f10x_it.c...
compiling rtc.c...
compiling usart1.c...
compiling misc.c...
compiling stm32f10x_bkp.c...
compiling stm32f10x_gpio.c...
compiling stm32f10x_pwr.c...
compiling stm32f10x_rcc.c...
compiling stm32f10x_rtc.c...
compiling stm32f10x_usart.c...
compiling core_cm3.c...
compiling system_stm32f10x.c...
linking...
Program Size: Code=832 RO-data=268 RW-data=20 ZI-data=1636  
FromELF: creating hex file...
"..\Output\DEMO.axf" - 0 Error(s), 0 Warning(s).
Build target 'STM32-DEMO'
assembling startup_stm32f10x_md.s...
compiling main.c...
compiling stm32f10x_it.c...
compiling rtc.c...
compiling usart1.c...
compiling misc.c...
compiling stm32f10x_bkp.c...
compiling stm32f10x_gpio.c...
compiling stm32f10x_pwr.c...
compiling stm32f10x_rcc.c...
compiling stm32f10x_rtc.c...
compiling stm32f10x_usart.c...
compiling core_cm3.c...
compiling system_stm32f10x.c...
linking...
Program Size: Code=832 RO-data=268 RW-data=20 ZI-data=1636  
FromELF: creating hex file...
"..\Output\DEMO.axf" - 0 Error(s), 0 Warning(s).
