<html>
<body>
<pre>
<h1>µVision Build Log</h1>
<h2>Project:</h2>
F:\GitHub\STM32\V3.x\CAN-loopback\USER\STM32-DEMO.uvproj
Project File Date:  11/04/2013

<h2>Output:</h2>
compiling main.c...
main.c - 0 Error(s), 0 Warning(s).
Build target 'STM32-DEMO'
assembling startup_stm32f10x_md.s...
compiling main.c...
compiling stm32f10x_it.c...
compiling led.c...
compiling usart1.c...
compiling misc.c...
compiling stm32f10x_can.c...
compiling stm32f10x_gpio.c...
compiling stm32f10x_rcc.c...
compiling stm32f10x_usart.c...
compiling core_cm3.c...
compiling system_stm32f10x.c...
linking...
Program Size: Code=3968 RO-data=268 RW-data=40 ZI-data=1024  
FromELF: creating hex file...
"..\Output\DEMO.axf" - 0 Error(s), 0 Warning(s).
compiling main.c...
main.c(17): warning:  #223-D: function "USER_CAN_Init" declared implicitly
main.c - 0 Error(s), 1 Warning(s).
compiling main.c...
can.h(8): warning:  #1-D: last line of file ends without a newline
main.c - 0 Error(s), 1 Warning(s).
compiling main.c...
main.c - 0 Error(s), 0 Warning(s).
compiling main.c...
main.c(19): error:  #65: expected a ";"
main.c - 1 Error(s), 0 Warning(s).
compiling main.c...
main.c - 0 Error(s), 0 Warning(s).
Build target 'STM32-DEMO'
assembling startup_stm32f10x_md.s...
compiling main.c...
compiling stm32f10x_it.c...
compiling led.c...
compiling usart1.c...
compiling misc.c...
compiling stm32f10x_can.c...
compiling stm32f10x_gpio.c...
compiling stm32f10x_rcc.c...
compiling stm32f10x_usart.c...
compiling core_cm3.c...
compiling system_stm32f10x.c...
linking...
..\Output\DEMO.axf: Error: L6218E: Undefined symbol USER_CAN_Init (referred from main.o).
..\Output\DEMO.axf: Error: L6218E: Undefined symbol USER_CAN_Test (referred from main.o).
Target not created
compiling main.c...
main.c - 0 Error(s), 0 Warning(s).
Build target 'STM32-DEMO'
assembling startup_stm32f10x_md.s...
compiling main.c...
compiling stm32f10x_it.c...
compiling led.c...
compiling usart1.c...
compiling misc.c...
compiling stm32f10x_can.c...
compiling stm32f10x_gpio.c...
compiling stm32f10x_rcc.c...
compiling stm32f10x_usart.c...
compiling core_cm3.c...
compiling system_stm32f10x.c...
linking...
..\Output\DEMO.axf: Error: L6218E: Undefined symbol USER_CAN_Init (referred from main.o).
..\Output\DEMO.axf: Error: L6218E: Undefined symbol USER_CAN_Test (referred from main.o).
Target not created
Build target 'STM32-DEMO'
assembling startup_stm32f10x_md.s...
compiling main.c...
compiling stm32f10x_it.c...
compiling led.c...
compiling usart1.c...
compiling can.c...
can.c(288): warning:  #1-D: last line of file ends without a newline
compiling misc.c...
compiling stm32f10x_can.c...
compiling stm32f10x_gpio.c...
compiling stm32f10x_rcc.c...
compiling stm32f10x_usart.c...
compiling core_cm3.c...
Project build/rebuild aborted.
Target not created
Build target 'STM32-DEMO'
assembling startup_stm32f10x_md.s...
compiling main.c...
compiling stm32f10x_it.c...
compiling led.c...
compiling usart1.c...
compiling can.c...
compiling misc.c...
compiling stm32f10x_can.c...
compiling stm32f10x_gpio.c...
compiling stm32f10x_rcc.c...
compiling stm32f10x_usart.c...
compiling core_cm3.c...
compiling system_stm32f10x.c...
linking...
..\Output\DEMO.axf: Error: L6200E: Symbol ret multiply defined (by can.o and stm32f10x_it.o).
Target not created
Build target 'STM32-DEMO'
assembling startup_stm32f10x_md.s...
compiling main.c...
compiling stm32f10x_it.c...
compiling led.c...
compiling usart1.c...
compiling can.c...
compiling misc.c...
compiling stm32f10x_can.c...
compiling stm32f10x_gpio.c...
compiling stm32f10x_rcc.c...
compiling stm32f10x_usart.c...
compiling core_cm3.c...
compiling system_stm32f10x.c...
linking...
Program Size: Code=7796 RO-data=268 RW-data=52 ZI-data=1028  
FromELF: creating hex file...
"..\Output\DEMO.axf" - 0 Error(s), 0 Warning(s).
