<html>
<body>
<pre>
<h1>µVision Build Log</h1>
<h2>Project:</h2>
F:\GitHub\STM32\STM32\V3.x\Sysstick\USER\STM32-DEMO.uvproj
Project File Date:  10/31/2013

<h2>Output:</h2>
Build target 'STM32-DEMO'
assembling startup_stm32f10x_md.s...
compiling main.c...
compiling stm32f10x_it.c...
stm32f10x_it.c(137): warning:  #223-D: function "TimingDelay_Decrement" declared implicitly
compiling led.c...
compiling SysTick.c...
compiling stm32f10x_gpio.c...
compiling stm32f10x_rcc.c...
compiling core_cm3.c...
compiling system_stm32f10x.c...
linking...
Program Size: Code=2940 RO-data=268 RW-data=44 ZI-data=1636  
FromELF: creating hex file...
"..\Output\DEMO.axf" - 0 Error(s), 1 Warning(s).
Build target 'STM32-DEMO'
assembling startup_stm32f10x_md.s...
compiling main.c...
compiling stm32f10x_it.c...
compiling led.c...
compiling SysTick.c...
compiling stm32f10x_gpio.c...
compiling stm32f10x_rcc.c...
compiling core_cm3.c...
compiling system_stm32f10x.c...
linking...
Program Size: Code=2940 RO-data=268 RW-data=44 ZI-data=1636  
FromELF: creating hex file...
"..\Output\DEMO.axf" - 0 Error(s), 0 Warning(s).
Build target 'STM32-DEMO'
assembling startup_stm32f10x_md.s...
compiling main.c...
compiling stm32f10x_it.c...
compiling led.c...
compiling SysTick.c...
compiling stm32f10x_gpio.c...
compiling stm32f10x_rcc.c...
compiling core_cm3.c...
compiling system_stm32f10x.c...
linking...
Program Size: Code=2940 RO-data=268 RW-data=44 ZI-data=1636  
FromELF: creating hex file...
"..\Output\DEMO.axf" - 0 Error(s), 0 Warning(s).
Build target 'STM32-DEMO'
assembling startup_stm32f10x_md.s...
compiling main.c...
compiling stm32f10x_it.c...
compiling led.c...
compiling SysTick.c...
compiling stm32f10x_gpio.c...
compiling stm32f10x_rcc.c...
compiling core_cm3.c...
compiling system_stm32f10x.c...
linking...
Program Size: Code=2940 RO-data=268 RW-data=44 ZI-data=1636  
FromELF: creating hex file...
"..\Output\DEMO.axf" - 0 Error(s), 0 Warning(s).
Build target 'STM32-DEMO'
assembling startup_stm32f10x_md.s...
compiling main.c...
compiling stm32f10x_it.c...
compiling led.c...
compiling SysTick.c...
compiling stm32f10x_gpio.c...
compiling stm32f10x_rcc.c...
compiling core_cm3.c...
compiling system_stm32f10x.c...
linking...
Program Size: Code=2940 RO-data=268 RW-data=44 ZI-data=1636  
FromELF: creating hex file...
"..\Output\DEMO.axf" - 0 Error(s), 0 Warning(s).
Build target 'STM32-DEMO'
assembling startup_stm32f10x_md.s...
compiling main.c...
compiling stm32f10x_it.c...
compiling led.c...
compiling SysTick.c...
compiling stm32f10x_gpio.c...
compiling stm32f10x_rcc.c...
compiling core_cm3.c...
compiling system_stm32f10x.c...
linking...
Program Size: Code=2936 RO-data=268 RW-data=44 ZI-data=1636  
FromELF: creating hex file...
"..\Output\DEMO.axf" - 0 Error(s), 0 Warning(s).
Build target 'STM32-DEMO'
assembling startup_stm32f10x_md.s...
compiling main.c...
compiling stm32f10x_it.c...
compiling led.c...
compiling SysTick.c...
compiling stm32f10x_gpio.c...
compiling stm32f10x_rcc.c...
compiling core_cm3.c...
compiling system_stm32f10x.c...
linking...
Program Size: Code=2936 RO-data=268 RW-data=44 ZI-data=1636  
FromELF: creating hex file...
"..\Output\DEMO.axf" - 0 Error(s), 0 Warning(s).
