<!doctype html public "-//w3c//dtd html 4.0 transitional//en">
<html><head>
<title>Static Call Graph - [..\Output\DEMO.axf]</title></head>
<body><HR>
<H1>Static Call Graph for image ..\Output\DEMO.axf</H1><HR>
<BR><P>#&#060CALLGRAPH&#062# ARM Linker, RVCT4.0 [Build 524]: Last Updated: Wed Oct 30 21:31:24 2013
<BR><P>
<H3>Maximum Stack Usage =         36 bytes + Unknown(Functions without stacksize, Cycles, Untraceable Function Pointers)</H3><H3>
Call chain for Maximum Stack Depth:</H3>
__rt_entry_main &rArr; main &rArr; LED_GPIO_config &rArr; GPIO_Init
<P>
<H3>
Functions with no stack information
</H3><UL>
 <LI><a href="#[1d2d70c]">__user_initial_stackheap</a>
</UL>
</UL>
<P>
<H3>
Mutually Recursive functions
</H3> <LI><a href="#[1d2d34c]">ADC1_2_IRQHandler</a>&nbsp;&nbsp;&nbsp;&rArr;&nbsp;&nbsp;&nbsp;<a href="#[1d2d34c]">ADC1_2_IRQHandler</a><BR>
</UL>
<P>
<H3>
Function Pointers
</H3><UL>
 <LI><a href="#[1d2d5a4]">Reset_Handler</a>
 <LI><a href="#[1d2b81c]">NMI_Handler</a>
 <LI><a href="#[1d2b7e0]">HardFault_Handler</a>
 <LI><a href="#[1d2b7a4]">MemManage_Handler</a>
 <LI><a href="#[1d2b768]">BusFault_Handler</a>
 <LI><a href="#[1d2b72c]">UsageFault_Handler</a>
 <LI><a href="#[1d2b6f0]">SVC_Handler</a>
 <LI><a href="#[1d2b6b4]">DebugMon_Handler</a>
 <LI><a href="#[1d2b678]">PendSV_Handler</a>
 <LI><a href="#[1d2b63c]">SysTick_Handler</a>
 <LI><a href="#[1d2c974]">WWDG_IRQHandler</a>
 <LI><a href="#[1d2ce24]">PVD_IRQHandler</a>
 <LI><a href="#[1d2ccbc]">TAMPER_IRQHandler</a>
 <LI><a href="#[1d2cd70]">RTC_IRQHandler</a>
 <LI><a href="#[1d2cf50]">FLASH_IRQHandler</a>
 <LI><a href="#[1d2cde8]">RCC_IRQHandler</a>
 <LI><a href="#[1d2d0f4]">EXTI0_IRQHandler</a>
 <LI><a href="#[1d2d07c]">EXTI1_IRQHandler</a>
 <LI><a href="#[1d2d040]">EXTI2_IRQHandler</a>
 <LI><a href="#[1d2d004]">EXTI3_IRQHandler</a>
 <LI><a href="#[1d2cfc8]">EXTI4_IRQHandler</a>
 <LI><a href="#[1d2d298]">DMA1_Channel1_IRQHandler</a>
 <LI><a href="#[1d2d25c]">DMA1_Channel2_IRQHandler</a>
 <LI><a href="#[1d2d220]">DMA1_Channel3_IRQHandler</a>
 <LI><a href="#[1d2d1e4]">DMA1_Channel4_IRQHandler</a>
 <LI><a href="#[1d2d1a8]">DMA1_Channel5_IRQHandler</a>
 <LI><a href="#[1d2d16c]">DMA1_Channel6_IRQHandler</a>
 <LI><a href="#[1d2d130]">DMA1_Channel7_IRQHandler</a>
 <LI><a href="#[1d2d34c]">ADC1_2_IRQHandler</a>
 <LI><a href="#[1d2c9ec]">USB_HP_CAN1_TX_IRQHandler</a>
 <LI><a href="#[1d2c9b0]">USB_LP_CAN1_RX0_IRQHandler</a>
 <LI><a href="#[1d2d310]">CAN1_RX1_IRQHandler</a>
 <LI><a href="#[1d2d2d4]">CAN1_SCE_IRQHandler</a>
 <LI><a href="#[1d2cf8c]">EXTI9_5_IRQHandler</a>
 <LI><a href="#[1d2cc80]">TIM1_BRK_IRQHandler</a>
 <LI><a href="#[1d2cbcc]">TIM1_UP_IRQHandler</a>
 <LI><a href="#[1d2cc08]">TIM1_TRG_COM_IRQHandler</a>
 <LI><a href="#[1d2cc44]">TIM1_CC_IRQHandler</a>
 <LI><a href="#[1d2cb90]">TIM2_IRQHandler</a>
 <LI><a href="#[1d2cb54]">TIM3_IRQHandler</a>
 <LI><a href="#[1d2cb18]">TIM4_IRQHandler</a>
 <LI><a href="#[1d2ced8]">I2C1_EV_IRQHandler</a>
 <LI><a href="#[1d2cf14]">I2C1_ER_IRQHandler</a>
 <LI><a href="#[1d2ce60]">I2C2_EV_IRQHandler</a>
 <LI><a href="#[1d2ce9c]">I2C2_ER_IRQHandler</a>
 <LI><a href="#[1d2cd34]">SPI1_IRQHandler</a>
 <LI><a href="#[1d2ccf8]">SPI2_IRQHandler</a>
 <LI><a href="#[1d2cadc]">USART1_IRQHandler</a>
 <LI><a href="#[1d2caa0]">USART2_IRQHandler</a>
 <LI><a href="#[1d2ca64]">USART3_IRQHandler</a>
 <LI><a href="#[1d2d0b8]">EXTI15_10_IRQHandler</a>
 <LI><a href="#[1d2cdac]">RTCAlarm_IRQHandler</a>
 <LI><a href="#[1d2ca28]">USBWakeUp_IRQHandler</a>
 <LI><a href="#[1d2d658]">SystemInit</a>
 <LI><a href="#[1d291ac]">__main</a>
 <LI><a href="#[1d25318]">__I$use$semihosting</a>
</UL>
<P>
<H3>
Global Symbols
</H3>
<P><STRONG><a name="[1d291ac]"></a>__main</STRONG> (Thumb, 8 bytes, Stack size 0 bytes, __main.o(!!!main))
<BR><BR>[Calls]<UL><LI><a href="#[1d22dd4]">&gt;&gt;</a>&nbsp;&nbsp;&nbsp;__scatterload
<LI><a href="#[1d29080]">&gt;&gt;</a>&nbsp;&nbsp;&nbsp;__rt_entry
</UL>

<P><STRONG><a name="[1d22dd4]"></a>__scatterload</STRONG> (Thumb, 0 bytes, Stack size unknown bytes, __scatter.o(!!!scatter))
<BR><BR>[Called By]<UL><LI><a href="#[1d291ac]">&gt;&gt;</a>&nbsp;&nbsp;&nbsp;__main
</UL>

<P><STRONG><a name="[1d22d98]"></a>__scatterload_rt2</STRONG> (Thumb, 44 bytes, Stack size unknown bytes, __scatter.o(!!!scatter), UNUSED)
<BR><BR>[Calls]<UL><LI><a href="#[1d29080]">&gt;&gt;</a>&nbsp;&nbsp;&nbsp;__rt_entry
</UL>

<P><STRONG><a name="[1d22d5c]"></a>__scatterload_rt2_thumb_only</STRONG> (Thumb, 0 bytes, Stack size unknown bytes, __scatter.o(!!!scatter), UNUSED)

<P><STRONG><a name="[1d22d20]"></a>__scatterload_null</STRONG> (Thumb, 0 bytes, Stack size unknown bytes, __scatter.o(!!!scatter), UNUSED)

<P><STRONG><a name="[1d22b7c]"></a>__scatterload_copy</STRONG> (Thumb, 26 bytes, Stack size unknown bytes, __scatter_copy.o(!!handler_copy), UNUSED)
<BR><BR>[Calls]<UL><LI><a href="#[1d22b7c]">&gt;&gt;</a>&nbsp;&nbsp;&nbsp;__scatterload_copy
</UL>
<BR>[Called By]<UL><LI><a href="#[1d22b7c]">&gt;&gt;</a>&nbsp;&nbsp;&nbsp;__scatterload_copy
</UL>

<P><STRONG><a name="[1d22a8c]"></a>__scatterload_zeroinit</STRONG> (Thumb, 28 bytes, Stack size unknown bytes, __scatter_zi.o(!!handler_zi), UNUSED)

<P><STRONG><a name="[1d28270]"></a>__rt_lib_init</STRONG> (Thumb, 0 bytes, Stack size unknown bytes, libinit.o(.ARM.Collect$$libinit$$00000000))
<BR><BR>[Called By]<UL><LI><a href="#[1d28bd0]">&gt;&gt;</a>&nbsp;&nbsp;&nbsp;__rt_entry_li
</UL>

<P><STRONG><a name="[1d26740]"></a>__rt_lib_init_alloca_1</STRONG> (Thumb, 0 bytes, Stack size unknown bytes, libinit2.o(.ARM.Collect$$libinit$$0000002A))

<P><STRONG><a name="[1d267b8]"></a>__rt_lib_init_argv_1</STRONG> (Thumb, 0 bytes, Stack size unknown bytes, libinit2.o(.ARM.Collect$$libinit$$00000028))

<P><STRONG><a name="[1d26b78]"></a>__rt_lib_init_atexit_1</STRONG> (Thumb, 0 bytes, Stack size unknown bytes, libinit2.o(.ARM.Collect$$libinit$$00000017))

<P><STRONG><a name="[1d26a10]"></a>__rt_lib_init_clock_1</STRONG> (Thumb, 0 bytes, Stack size unknown bytes, libinit2.o(.ARM.Collect$$libinit$$0000001D))

<P><STRONG><a name="[1d26650]"></a>__rt_lib_init_cpp_1</STRONG> (Thumb, 0 bytes, Stack size unknown bytes, libinit2.o(.ARM.Collect$$libinit$$0000002E))

<P><STRONG><a name="[1d266c8]"></a>__rt_lib_init_exceptions_1</STRONG> (Thumb, 0 bytes, Stack size unknown bytes, libinit2.o(.ARM.Collect$$libinit$$0000002C))

<P><STRONG><a name="[1d26a88]"></a>__rt_lib_init_fp_trap_1</STRONG> (Thumb, 0 bytes, Stack size unknown bytes, libinit2.o(.ARM.Collect$$libinit$$0000001B))

<P><STRONG><a name="[1d26998]"></a>__rt_lib_init_getenv_1</STRONG> (Thumb, 0 bytes, Stack size unknown bytes, libinit2.o(.ARM.Collect$$libinit$$0000001F))

<P><STRONG><a name="[1d26f74]"></a>__rt_lib_init_heap_1</STRONG> (Thumb, 0 bytes, Stack size unknown bytes, libinit2.o(.ARM.Collect$$libinit$$00000006))

<P><STRONG><a name="[1d26dd0]"></a>__rt_lib_init_lc_collate_1</STRONG> (Thumb, 0 bytes, Stack size unknown bytes, libinit2.o(.ARM.Collect$$libinit$$0000000D))

<P><STRONG><a name="[1d26d58]"></a>__rt_lib_init_lc_ctype_1</STRONG> (Thumb, 0 bytes, Stack size unknown bytes, libinit2.o(.ARM.Collect$$libinit$$0000000F))

<P><STRONG><a name="[1d26ce0]"></a>__rt_lib_init_lc_monetary_1</STRONG> (Thumb, 0 bytes, Stack size unknown bytes, libinit2.o(.ARM.Collect$$libinit$$00000011))

<P><STRONG><a name="[1d26c68]"></a>__rt_lib_init_lc_numeric_1</STRONG> (Thumb, 0 bytes, Stack size unknown bytes, libinit2.o(.ARM.Collect$$libinit$$00000013))

<P><STRONG><a name="[1d26bf0]"></a>__rt_lib_init_lc_time_1</STRONG> (Thumb, 0 bytes, Stack size unknown bytes, libinit2.o(.ARM.Collect$$libinit$$00000015))

<P><STRONG><a name="[1d26e84]"></a>__rt_lib_init_rand_1</STRONG> (Thumb, 0 bytes, Stack size unknown bytes, libinit2.o(.ARM.Collect$$libinit$$0000000A))

<P><STRONG><a name="[1d26614]"></a>__rt_lib_init_return</STRONG> (Thumb, 0 bytes, Stack size unknown bytes, libinit2.o(.ARM.Collect$$libinit$$0000002F))

<P><STRONG><a name="[1d26b00]"></a>__rt_lib_init_signal_1</STRONG> (Thumb, 0 bytes, Stack size unknown bytes, libinit2.o(.ARM.Collect$$libinit$$00000019))

<P><STRONG><a name="[1d26920]"></a>__rt_lib_init_stdio_1</STRONG> (Thumb, 0 bytes, Stack size unknown bytes, libinit2.o(.ARM.Collect$$libinit$$00000021))

<P><STRONG><a name="[1d26efc]"></a>__rt_lib_init_user_alloc_1</STRONG> (Thumb, 0 bytes, Stack size unknown bytes, libinit2.o(.ARM.Collect$$libinit$$00000008))

<P><STRONG><a name="[1d25660]"></a>__rt_lib_shutdown</STRONG> (Thumb, 0 bytes, Stack size unknown bytes, libshutdown.o(.ARM.Collect$$libshutdown$$00000000))
<BR><BR>[Called By]<UL><LI><a href="#[1d25e94]">&gt;&gt;</a>&nbsp;&nbsp;&nbsp;__rt_exit_ls
</UL>

<P><STRONG><a name="[1d249f4]"></a>__rt_lib_shutdown_fp_trap_1</STRONG> (Thumb, 0 bytes, Stack size unknown bytes, libshutdown2.o(.ARM.Collect$$libshutdown$$00000006))

<P><STRONG><a name="[1d24814]"></a>__rt_lib_shutdown_heap_1</STRONG> (Thumb, 0 bytes, Stack size unknown bytes, libshutdown2.o(.ARM.Collect$$libshutdown$$0000000E))

<P><STRONG><a name="[1d247d8]"></a>__rt_lib_shutdown_return</STRONG> (Thumb, 0 bytes, Stack size unknown bytes, libshutdown2.o(.ARM.Collect$$libshutdown$$0000000F))

<P><STRONG><a name="[1d24940]"></a>__rt_lib_shutdown_signal_1</STRONG> (Thumb, 0 bytes, Stack size unknown bytes, libshutdown2.o(.ARM.Collect$$libshutdown$$00000009))

<P><STRONG><a name="[1d24aa8]"></a>__rt_lib_shutdown_stdio_1</STRONG> (Thumb, 0 bytes, Stack size unknown bytes, libshutdown2.o(.ARM.Collect$$libshutdown$$00000003))

<P><STRONG><a name="[1d248c8]"></a>__rt_lib_shutdown_user_alloc_1</STRONG> (Thumb, 0 bytes, Stack size unknown bytes, libshutdown2.o(.ARM.Collect$$libshutdown$$0000000B))

<P><STRONG><a name="[1d29080]"></a>__rt_entry</STRONG> (Thumb, 0 bytes, Stack size unknown bytes, rtentry.o(.ARM.Collect$$rtentry$$00000000))
<BR><BR>[Called By]<UL><LI><a href="#[1d22d98]">&gt;&gt;</a>&nbsp;&nbsp;&nbsp;__scatterload_rt2
<LI><a href="#[1d291ac]">&gt;&gt;</a>&nbsp;&nbsp;&nbsp;__main
</UL>

<P><STRONG><a name="[1d28c84]"></a>__rt_entry_presh_1</STRONG> (Thumb, 0 bytes, Stack size unknown bytes, rtentry2.o(.ARM.Collect$$rtentry$$00000002))

<P><STRONG><a name="[1d28900]"></a>__rt_entry_sh</STRONG> (Thumb, 0 bytes, Stack size unknown bytes, rtentry4.o(.ARM.Collect$$rtentry$$00000004))
<BR><BR>[Stack]<UL><LI>Max Depth = 8 + Unknown Stack Size
<LI>Call Chain = __rt_entry_sh &rArr; __user_setup_stackheap
</UL>
<BR>[Calls]<UL><LI><a href="#[1d287d4]">&gt;&gt;</a>&nbsp;&nbsp;&nbsp;__user_setup_stackheap
</UL>

<P><STRONG><a name="[1d28bd0]"></a>__rt_entry_li</STRONG> (Thumb, 0 bytes, Stack size unknown bytes, rtentry2.o(.ARM.Collect$$rtentry$$0000000A))
<BR><BR>[Calls]<UL><LI><a href="#[1d28270]">&gt;&gt;</a>&nbsp;&nbsp;&nbsp;__rt_lib_init
</UL>

<P><STRONG><a name="[1d28c0c]"></a>__rt_entry_postsh_1</STRONG> (Thumb, 0 bytes, Stack size unknown bytes, rtentry2.o(.ARM.Collect$$rtentry$$00000009))

<P><STRONG><a name="[1d28b1c]"></a>__rt_entry_main</STRONG> (Thumb, 0 bytes, Stack size unknown bytes, rtentry2.o(.ARM.Collect$$rtentry$$0000000D))
<BR><BR>[Stack]<UL><LI>Max Depth = 36 + Unknown Stack Size
<LI>Call Chain = __rt_entry_main &rArr; main &rArr; LED_GPIO_config &rArr; GPIO_Init
</UL>
<BR>[Calls]<UL><LI><a href="#[1d2866c]">&gt;&gt;</a>&nbsp;&nbsp;&nbsp;exit
<LI><a href="#[1d2bd44]">&gt;&gt;</a>&nbsp;&nbsp;&nbsp;main
</UL>

<P><STRONG><a name="[1d28b58]"></a>__rt_entry_postli_1</STRONG> (Thumb, 0 bytes, Stack size unknown bytes, rtentry2.o(.ARM.Collect$$rtentry$$0000000C))

<P><STRONG><a name="[1d27af0]"></a>__rt_exit</STRONG> (Thumb, 0 bytes, Stack size unknown bytes, rtexit.o(.ARM.Collect$$rtexit$$00000000))
<BR><BR>[Called By]<UL><LI><a href="#[1d2866c]">&gt;&gt;</a>&nbsp;&nbsp;&nbsp;exit
</UL>

<P><STRONG><a name="[1d25e94]"></a>__rt_exit_ls</STRONG> (Thumb, 0 bytes, Stack size unknown bytes, rtexit2.o(.ARM.Collect$$rtexit$$00000003))
<BR><BR>[Calls]<UL><LI><a href="#[1d25660]">&gt;&gt;</a>&nbsp;&nbsp;&nbsp;__rt_lib_shutdown
</UL>

<P><STRONG><a name="[1d25ed0]"></a>__rt_exit_prels_1</STRONG> (Thumb, 0 bytes, Stack size unknown bytes, rtexit2.o(.ARM.Collect$$rtexit$$00000002))

<P><STRONG><a name="[1d25e58]"></a>__rt_exit_exit</STRONG> (Thumb, 0 bytes, Stack size unknown bytes, rtexit2.o(.ARM.Collect$$rtexit$$00000004))
<BR><BR>[Calls]<UL><LI><a href="#[1d25b4c]">&gt;&gt;</a>&nbsp;&nbsp;&nbsp;_sys_exit
</UL>

<P><STRONG><a name="[1d2d5a4]"></a>Reset_Handler</STRONG> (Thumb, 8 bytes, Stack size 0 bytes, startup_stm32f10x_md.o(.text))

<P><STRONG><a name="[1d2d34c]"></a>ADC1_2_IRQHandler</STRONG> (Thumb, 0 bytes, Stack size 0 bytes, startup_stm32f10x_md.o(.text))
<BR><BR>[Calls]<UL><LI><a href="#[1d2d34c]">&gt;&gt;</a>&nbsp;&nbsp;&nbsp;ADC1_2_IRQHandler
</UL>
<BR>[Called By]<UL><LI><a href="#[1d2d34c]">&gt;&gt;</a>&nbsp;&nbsp;&nbsp;ADC1_2_IRQHandler
</UL>
<BR>[Address Reference Count : 1]<UL><LI> startup_stm32f10x_md.o(RESET)
</UL>
<P><STRONG><a name="[1d2d310]"></a>CAN1_RX1_IRQHandler</STRONG> (Thumb, 0 bytes, Stack size 0 bytes, startup_stm32f10x_md.o(.text))
<BR>[Address Reference Count : 1]<UL><LI> startup_stm32f10x_md.o(RESET)
</UL>
<P><STRONG><a name="[1d2d2d4]"></a>CAN1_SCE_IRQHandler</STRONG> (Thumb, 0 bytes, Stack size 0 bytes, startup_stm32f10x_md.o(.text))
<BR>[Address Reference Count : 1]<UL><LI> startup_stm32f10x_md.o(RESET)
</UL>
<P><STRONG><a name="[1d2d298]"></a>DMA1_Channel1_IRQHandler</STRONG> (Thumb, 0 bytes, Stack size 0 bytes, startup_stm32f10x_md.o(.text))
<BR>[Address Reference Count : 1]<UL><LI> startup_stm32f10x_md.o(RESET)
</UL>
<P><STRONG><a name="[1d2d25c]"></a>DMA1_Channel2_IRQHandler</STRONG> (Thumb, 0 bytes, Stack size 0 bytes, startup_stm32f10x_md.o(.text))
<BR>[Address Reference Count : 1]<UL><LI> startup_stm32f10x_md.o(RESET)
</UL>
<P><STRONG><a name="[1d2d220]"></a>DMA1_Channel3_IRQHandler</STRONG> (Thumb, 0 bytes, Stack size 0 bytes, startup_stm32f10x_md.o(.text))
<BR>[Address Reference Count : 1]<UL><LI> startup_stm32f10x_md.o(RESET)
</UL>
<P><STRONG><a name="[1d2d1e4]"></a>DMA1_Channel4_IRQHandler</STRONG> (Thumb, 0 bytes, Stack size 0 bytes, startup_stm32f10x_md.o(.text))
<BR>[Address Reference Count : 1]<UL><LI> startup_stm32f10x_md.o(RESET)
</UL>
<P><STRONG><a name="[1d2d1a8]"></a>DMA1_Channel5_IRQHandler</STRONG> (Thumb, 0 bytes, Stack size 0 bytes, startup_stm32f10x_md.o(.text))
<BR>[Address Reference Count : 1]<UL><LI> startup_stm32f10x_md.o(RESET)
</UL>
<P><STRONG><a name="[1d2d16c]"></a>DMA1_Channel6_IRQHandler</STRONG> (Thumb, 0 bytes, Stack size 0 bytes, startup_stm32f10x_md.o(.text))
<BR>[Address Reference Count : 1]<UL><LI> startup_stm32f10x_md.o(RESET)
</UL>
<P><STRONG><a name="[1d2d130]"></a>DMA1_Channel7_IRQHandler</STRONG> (Thumb, 0 bytes, Stack size 0 bytes, startup_stm32f10x_md.o(.text))
<BR>[Address Reference Count : 1]<UL><LI> startup_stm32f10x_md.o(RESET)
</UL>
<P><STRONG><a name="[1d2d0f4]"></a>EXTI0_IRQHandler</STRONG> (Thumb, 0 bytes, Stack size 0 bytes, startup_stm32f10x_md.o(.text))
<BR>[Address Reference Count : 1]<UL><LI> startup_stm32f10x_md.o(RESET)
</UL>
<P><STRONG><a name="[1d2d0b8]"></a>EXTI15_10_IRQHandler</STRONG> (Thumb, 0 bytes, Stack size 0 bytes, startup_stm32f10x_md.o(.text))
<BR>[Address Reference Count : 1]<UL><LI> startup_stm32f10x_md.o(RESET)
</UL>
<P><STRONG><a name="[1d2d07c]"></a>EXTI1_IRQHandler</STRONG> (Thumb, 0 bytes, Stack size 0 bytes, startup_stm32f10x_md.o(.text))
<BR>[Address Reference Count : 1]<UL><LI> startup_stm32f10x_md.o(RESET)
</UL>
<P><STRONG><a name="[1d2d040]"></a>EXTI2_IRQHandler</STRONG> (Thumb, 0 bytes, Stack size 0 bytes, startup_stm32f10x_md.o(.text))
<BR>[Address Reference Count : 1]<UL><LI> startup_stm32f10x_md.o(RESET)
</UL>
<P><STRONG><a name="[1d2d004]"></a>EXTI3_IRQHandler</STRONG> (Thumb, 0 bytes, Stack size 0 bytes, startup_stm32f10x_md.o(.text))
<BR>[Address Reference Count : 1]<UL><LI> startup_stm32f10x_md.o(RESET)
</UL>
<P><STRONG><a name="[1d2cfc8]"></a>EXTI4_IRQHandler</STRONG> (Thumb, 0 bytes, Stack size 0 bytes, startup_stm32f10x_md.o(.text))
<BR>[Address Reference Count : 1]<UL><LI> startup_stm32f10x_md.o(RESET)
</UL>
<P><STRONG><a name="[1d2cf8c]"></a>EXTI9_5_IRQHandler</STRONG> (Thumb, 0 bytes, Stack size 0 bytes, startup_stm32f10x_md.o(.text))
<BR>[Address Reference Count : 1]<UL><LI> startup_stm32f10x_md.o(RESET)
</UL>
<P><STRONG><a name="[1d2cf50]"></a>FLASH_IRQHandler</STRONG> (Thumb, 0 bytes, Stack size 0 bytes, startup_stm32f10x_md.o(.text))
<BR>[Address Reference Count : 1]<UL><LI> startup_stm32f10x_md.o(RESET)
</UL>
<P><STRONG><a name="[1d2cf14]"></a>I2C1_ER_IRQHandler</STRONG> (Thumb, 0 bytes, Stack size 0 bytes, startup_stm32f10x_md.o(.text))
<BR>[Address Reference Count : 1]<UL><LI> startup_stm32f10x_md.o(RESET)
</UL>
<P><STRONG><a name="[1d2ced8]"></a>I2C1_EV_IRQHandler</STRONG> (Thumb, 0 bytes, Stack size 0 bytes, startup_stm32f10x_md.o(.text))
<BR>[Address Reference Count : 1]<UL><LI> startup_stm32f10x_md.o(RESET)
</UL>
<P><STRONG><a name="[1d2ce9c]"></a>I2C2_ER_IRQHandler</STRONG> (Thumb, 0 bytes, Stack size 0 bytes, startup_stm32f10x_md.o(.text))
<BR>[Address Reference Count : 1]<UL><LI> startup_stm32f10x_md.o(RESET)
</UL>
<P><STRONG><a name="[1d2ce60]"></a>I2C2_EV_IRQHandler</STRONG> (Thumb, 0 bytes, Stack size 0 bytes, startup_stm32f10x_md.o(.text))
<BR>[Address Reference Count : 1]<UL><LI> startup_stm32f10x_md.o(RESET)
</UL>
<P><STRONG><a name="[1d2ce24]"></a>PVD_IRQHandler</STRONG> (Thumb, 0 bytes, Stack size 0 bytes, startup_stm32f10x_md.o(.text))
<BR>[Address Reference Count : 1]<UL><LI> startup_stm32f10x_md.o(RESET)
</UL>
<P><STRONG><a name="[1d2cde8]"></a>RCC_IRQHandler</STRONG> (Thumb, 0 bytes, Stack size 0 bytes, startup_stm32f10x_md.o(.text))
<BR>[Address Reference Count : 1]<UL><LI> startup_stm32f10x_md.o(RESET)
</UL>
<P><STRONG><a name="[1d2cdac]"></a>RTCAlarm_IRQHandler</STRONG> (Thumb, 0 bytes, Stack size 0 bytes, startup_stm32f10x_md.o(.text))
<BR>[Address Reference Count : 1]<UL><LI> startup_stm32f10x_md.o(RESET)
</UL>
<P><STRONG><a name="[1d2cd70]"></a>RTC_IRQHandler</STRONG> (Thumb, 0 bytes, Stack size 0 bytes, startup_stm32f10x_md.o(.text))
<BR>[Address Reference Count : 1]<UL><LI> startup_stm32f10x_md.o(RESET)
</UL>
<P><STRONG><a name="[1d2cd34]"></a>SPI1_IRQHandler</STRONG> (Thumb, 0 bytes, Stack size 0 bytes, startup_stm32f10x_md.o(.text))
<BR>[Address Reference Count : 1]<UL><LI> startup_stm32f10x_md.o(RESET)
</UL>
<P><STRONG><a name="[1d2ccf8]"></a>SPI2_IRQHandler</STRONG> (Thumb, 0 bytes, Stack size 0 bytes, startup_stm32f10x_md.o(.text))
<BR>[Address Reference Count : 1]<UL><LI> startup_stm32f10x_md.o(RESET)
</UL>
<P><STRONG><a name="[1d2ccbc]"></a>TAMPER_IRQHandler</STRONG> (Thumb, 0 bytes, Stack size 0 bytes, startup_stm32f10x_md.o(.text))
<BR>[Address Reference Count : 1]<UL><LI> startup_stm32f10x_md.o(RESET)
</UL>
<P><STRONG><a name="[1d2cc80]"></a>TIM1_BRK_IRQHandler</STRONG> (Thumb, 0 bytes, Stack size 0 bytes, startup_stm32f10x_md.o(.text))
<BR>[Address Reference Count : 1]<UL><LI> startup_stm32f10x_md.o(RESET)
</UL>
<P><STRONG><a name="[1d2cc44]"></a>TIM1_CC_IRQHandler</STRONG> (Thumb, 0 bytes, Stack size 0 bytes, startup_stm32f10x_md.o(.text))
<BR>[Address Reference Count : 1]<UL><LI> startup_stm32f10x_md.o(RESET)
</UL>
<P><STRONG><a name="[1d2cc08]"></a>TIM1_TRG_COM_IRQHandler</STRONG> (Thumb, 0 bytes, Stack size 0 bytes, startup_stm32f10x_md.o(.text))
<BR>[Address Reference Count : 1]<UL><LI> startup_stm32f10x_md.o(RESET)
</UL>
<P><STRONG><a name="[1d2cbcc]"></a>TIM1_UP_IRQHandler</STRONG> (Thumb, 0 bytes, Stack size 0 bytes, startup_stm32f10x_md.o(.text))
<BR>[Address Reference Count : 1]<UL><LI> startup_stm32f10x_md.o(RESET)
</UL>
<P><STRONG><a name="[1d2cb90]"></a>TIM2_IRQHandler</STRONG> (Thumb, 0 bytes, Stack size 0 bytes, startup_stm32f10x_md.o(.text))
<BR>[Address Reference Count : 1]<UL><LI> startup_stm32f10x_md.o(RESET)
</UL>
<P><STRONG><a name="[1d2cb54]"></a>TIM3_IRQHandler</STRONG> (Thumb, 0 bytes, Stack size 0 bytes, startup_stm32f10x_md.o(.text))
<BR>[Address Reference Count : 1]<UL><LI> startup_stm32f10x_md.o(RESET)
</UL>
<P><STRONG><a name="[1d2cb18]"></a>TIM4_IRQHandler</STRONG> (Thumb, 0 bytes, Stack size 0 bytes, startup_stm32f10x_md.o(.text))
<BR>[Address Reference Count : 1]<UL><LI> startup_stm32f10x_md.o(RESET)
</UL>
<P><STRONG><a name="[1d2cadc]"></a>USART1_IRQHandler</STRONG> (Thumb, 0 bytes, Stack size 0 bytes, startup_stm32f10x_md.o(.text))
<BR>[Address Reference Count : 1]<UL><LI> startup_stm32f10x_md.o(RESET)
</UL>
<P><STRONG><a name="[1d2caa0]"></a>USART2_IRQHandler</STRONG> (Thumb, 0 bytes, Stack size 0 bytes, startup_stm32f10x_md.o(.text))
<BR>[Address Reference Count : 1]<UL><LI> startup_stm32f10x_md.o(RESET)
</UL>
<P><STRONG><a name="[1d2ca64]"></a>USART3_IRQHandler</STRONG> (Thumb, 0 bytes, Stack size 0 bytes, startup_stm32f10x_md.o(.text))
<BR>[Address Reference Count : 1]<UL><LI> startup_stm32f10x_md.o(RESET)
</UL>
<P><STRONG><a name="[1d2ca28]"></a>USBWakeUp_IRQHandler</STRONG> (Thumb, 0 bytes, Stack size 0 bytes, startup_stm32f10x_md.o(.text))
<BR>[Address Reference Count : 1]<UL><LI> startup_stm32f10x_md.o(RESET)
</UL>
<P><STRONG><a name="[1d2c9ec]"></a>USB_HP_CAN1_TX_IRQHandler</STRONG> (Thumb, 0 bytes, Stack size 0 bytes, startup_stm32f10x_md.o(.text))
<BR>[Address Reference Count : 1]<UL><LI> startup_stm32f10x_md.o(RESET)
</UL>
<P><STRONG><a name="[1d2c9b0]"></a>USB_LP_CAN1_RX0_IRQHandler</STRONG> (Thumb, 0 bytes, Stack size 0 bytes, startup_stm32f10x_md.o(.text))
<BR>[Address Reference Count : 1]<UL><LI> startup_stm32f10x_md.o(RESET)
</UL>
<P><STRONG><a name="[1d2c974]"></a>WWDG_IRQHandler</STRONG> (Thumb, 0 bytes, Stack size 0 bytes, startup_stm32f10x_md.o(.text))
<BR>[Address Reference Count : 1]<UL><LI> startup_stm32f10x_md.o(RESET)
</UL>
<P><STRONG><a name="[1d2d70c]"></a>__user_initial_stackheap</STRONG> (Thumb, 0 bytes, Stack size unknown bytes, startup_stm32f10x_md.o(.text))
<BR><BR>[Called By]<UL><LI><a href="#[1d287d4]">&gt;&gt;</a>&nbsp;&nbsp;&nbsp;__user_setup_stackheap
</UL>

<P><STRONG><a name="[1d2bd80]"></a>Delay</STRONG> (Thumb, 10 bytes, Stack size 0 bytes, main.o(.text))
<BR><BR>[Called By]<UL><LI><a href="#[1d2bd44]">&gt;&gt;</a>&nbsp;&nbsp;&nbsp;main
</UL>

<P><STRONG><a name="[1d2bd44]"></a>main</STRONG> (Thumb, 114 bytes, Stack size 8 bytes, main.o(.text))
<BR><BR>[Stack]<UL><LI>Max Depth = 36<LI>Call Chain = main &rArr; LED_GPIO_config &rArr; GPIO_Init
</UL>
<BR>[Calls]<UL><LI><a href="#[1d2bc90]">&gt;&gt;</a>&nbsp;&nbsp;&nbsp;LED_GPIO_config
<LI><a href="#[1d2bccc]">&gt;&gt;</a>&nbsp;&nbsp;&nbsp;GPIO_SetBits
<LI><a href="#[1d2bd08]">&gt;&gt;</a>&nbsp;&nbsp;&nbsp;GPIO_ResetBits
<LI><a href="#[1d2bd80]">&gt;&gt;</a>&nbsp;&nbsp;&nbsp;Delay
</UL>
<BR>[Called By]<UL><LI><a href="#[1d28b1c]">&gt;&gt;</a>&nbsp;&nbsp;&nbsp;__rt_entry_main
</UL>

<P><STRONG><a name="[1d2b81c]"></a>NMI_Handler</STRONG> (Thumb, 2 bytes, Stack size 0 bytes, stm32f10x_it.o(.text))
<BR>[Address Reference Count : 1]<UL><LI> startup_stm32f10x_md.o(RESET)
</UL>
<P><STRONG><a name="[1d2b7e0]"></a>HardFault_Handler</STRONG> (Thumb, 4 bytes, Stack size 0 bytes, stm32f10x_it.o(.text))
<BR>[Address Reference Count : 1]<UL><LI> startup_stm32f10x_md.o(RESET)
</UL>
<P><STRONG><a name="[1d2b7a4]"></a>MemManage_Handler</STRONG> (Thumb, 4 bytes, Stack size 0 bytes, stm32f10x_it.o(.text))
<BR>[Address Reference Count : 1]<UL><LI> startup_stm32f10x_md.o(RESET)
</UL>
<P><STRONG><a name="[1d2b768]"></a>BusFault_Handler</STRONG> (Thumb, 4 bytes, Stack size 0 bytes, stm32f10x_it.o(.text))
<BR>[Address Reference Count : 1]<UL><LI> startup_stm32f10x_md.o(RESET)
</UL>
<P><STRONG><a name="[1d2b72c]"></a>UsageFault_Handler</STRONG> (Thumb, 4 bytes, Stack size 0 bytes, stm32f10x_it.o(.text))
<BR>[Address Reference Count : 1]<UL><LI> startup_stm32f10x_md.o(RESET)
</UL>
<P><STRONG><a name="[1d2b6f0]"></a>SVC_Handler</STRONG> (Thumb, 2 bytes, Stack size 0 bytes, stm32f10x_it.o(.text))
<BR>[Address Reference Count : 1]<UL><LI> startup_stm32f10x_md.o(RESET)
</UL>
<P><STRONG><a name="[1d2b6b4]"></a>DebugMon_Handler</STRONG> (Thumb, 2 bytes, Stack size 0 bytes, stm32f10x_it.o(.text))
<BR>[Address Reference Count : 1]<UL><LI> startup_stm32f10x_md.o(RESET)
</UL>
<P><STRONG><a name="[1d2b678]"></a>PendSV_Handler</STRONG> (Thumb, 2 bytes, Stack size 0 bytes, stm32f10x_it.o(.text))
<BR>[Address Reference Count : 1]<UL><LI> startup_stm32f10x_md.o(RESET)
</UL>
<P><STRONG><a name="[1d2b63c]"></a>SysTick_Handler</STRONG> (Thumb, 2 bytes, Stack size 0 bytes, stm32f10x_it.o(.text))
<BR>[Address Reference Count : 1]<UL><LI> startup_stm32f10x_md.o(RESET)
</UL>
<P><STRONG><a name="[1d2bc90]"></a>LED_GPIO_config</STRONG> (Thumb, 46 bytes, Stack size 8 bytes, led.o(.text))
<BR><BR>[Stack]<UL><LI>Max Depth = 28<LI>Call Chain = LED_GPIO_config &rArr; GPIO_Init
</UL>
<BR>[Calls]<UL><LI><a href="#[1d2b27c]">&gt;&gt;</a>&nbsp;&nbsp;&nbsp;RCC_APB2PeriphClockCmd
<LI><a href="#[1d2b2b8]">&gt;&gt;</a>&nbsp;&nbsp;&nbsp;GPIO_Init
<LI><a href="#[1d2bccc]">&gt;&gt;</a>&nbsp;&nbsp;&nbsp;GPIO_SetBits
</UL>
<BR>[Called By]<UL><LI><a href="#[1d2bd44]">&gt;&gt;</a>&nbsp;&nbsp;&nbsp;main
</UL>

<P><STRONG><a name="[1d2aef8]"></a>GPIO_DeInit</STRONG> (Thumb, 172 bytes, Stack size 8 bytes, stm32f10x_gpio.o(.text), UNUSED)
<BR><BR>[Calls]<UL><LI><a href="#[1d2ab74]">&gt;&gt;</a>&nbsp;&nbsp;&nbsp;RCC_APB2PeriphResetCmd
</UL>

<P><STRONG><a name="[1d2aebc]"></a>GPIO_AFIODeInit</STRONG> (Thumb, 20 bytes, Stack size 8 bytes, stm32f10x_gpio.o(.text), UNUSED)
<BR><BR>[Calls]<UL><LI><a href="#[1d2ab74]">&gt;&gt;</a>&nbsp;&nbsp;&nbsp;RCC_APB2PeriphResetCmd
</UL>

<P><STRONG><a name="[1d2b2b8]"></a>GPIO_Init</STRONG> (Thumb, 268 bytes, Stack size 20 bytes, stm32f10x_gpio.o(.text))
<BR><BR>[Stack]<UL><LI>Max Depth = 20<LI>Call Chain = GPIO_Init
</UL>
<BR>[Called By]<UL><LI><a href="#[1d2bc90]">&gt;&gt;</a>&nbsp;&nbsp;&nbsp;LED_GPIO_config
</UL>

<P><STRONG><a name="[1d2ae80]"></a>GPIO_StructInit</STRONG> (Thumb, 16 bytes, Stack size 0 bytes, stm32f10x_gpio.o(.text), UNUSED)

<P><STRONG><a name="[1d2ae44]"></a>GPIO_ReadInputDataBit</STRONG> (Thumb, 18 bytes, Stack size 0 bytes, stm32f10x_gpio.o(.text), UNUSED)

<P><STRONG><a name="[1d2ae08]"></a>GPIO_ReadInputData</STRONG> (Thumb, 8 bytes, Stack size 0 bytes, stm32f10x_gpio.o(.text), UNUSED)

<P><STRONG><a name="[1d2adcc]"></a>GPIO_ReadOutputDataBit</STRONG> (Thumb, 18 bytes, Stack size 0 bytes, stm32f10x_gpio.o(.text), UNUSED)

<P><STRONG><a name="[1d2ad90]"></a>GPIO_ReadOutputData</STRONG> (Thumb, 8 bytes, Stack size 0 bytes, stm32f10x_gpio.o(.text), UNUSED)

<P><STRONG><a name="[1d2bccc]"></a>GPIO_SetBits</STRONG> (Thumb, 4 bytes, Stack size 0 bytes, stm32f10x_gpio.o(.text))
<BR><BR>[Called By]<UL><LI><a href="#[1d2bc90]">&gt;&gt;</a>&nbsp;&nbsp;&nbsp;LED_GPIO_config
<LI><a href="#[1d2bd44]">&gt;&gt;</a>&nbsp;&nbsp;&nbsp;main
</UL>

<P><STRONG><a name="[1d2bd08]"></a>GPIO_ResetBits</STRONG> (Thumb, 4 bytes, Stack size 0 bytes, stm32f10x_gpio.o(.text))
<BR><BR>[Called By]<UL><LI><a href="#[1d2bd44]">&gt;&gt;</a>&nbsp;&nbsp;&nbsp;main
</UL>

<P><STRONG><a name="[1d2ad54]"></a>GPIO_WriteBit</STRONG> (Thumb, 10 bytes, Stack size 0 bytes, stm32f10x_gpio.o(.text), UNUSED)

<P><STRONG><a name="[1d2ad18]"></a>GPIO_Write</STRONG> (Thumb, 4 bytes, Stack size 0 bytes, stm32f10x_gpio.o(.text), UNUSED)

<P><STRONG><a name="[1d2acdc]"></a>GPIO_PinLockConfig</STRONG> (Thumb, 18 bytes, Stack size 0 bytes, stm32f10x_gpio.o(.text), UNUSED)

<P><STRONG><a name="[1d2aca0]"></a>GPIO_EventOutputConfig</STRONG> (Thumb, 24 bytes, Stack size 0 bytes, stm32f10x_gpio.o(.text), UNUSED)

<P><STRONG><a name="[1d2ac64]"></a>GPIO_EventOutputCmd</STRONG> (Thumb, 6 bytes, Stack size 0 bytes, stm32f10x_gpio.o(.text), UNUSED)

<P><STRONG><a name="[1d2ac28]"></a>GPIO_PinRemapConfig</STRONG> (Thumb, 136 bytes, Stack size 20 bytes, stm32f10x_gpio.o(.text), UNUSED)

<P><STRONG><a name="[1d2abec]"></a>GPIO_EXTILineConfig</STRONG> (Thumb, 60 bytes, Stack size 12 bytes, stm32f10x_gpio.o(.text), UNUSED)

<P><STRONG><a name="[1d2abb0]"></a>GPIO_ETH_MediaInterfaceConfig</STRONG> (Thumb, 8 bytes, Stack size 0 bytes, stm32f10x_gpio.o(.text), UNUSED)

<P><STRONG><a name="[1d2a700]"></a>RCC_DeInit</STRONG> (Thumb, 64 bytes, Stack size 0 bytes, stm32f10x_rcc.o(.text), UNUSED)

<P><STRONG><a name="[1d2a6c4]"></a>RCC_HSEConfig</STRONG> (Thumb, 70 bytes, Stack size 0 bytes, stm32f10x_rcc.o(.text), UNUSED)

<P><STRONG><a name="[1d2a688]"></a>RCC_GetFlagStatus</STRONG> (Thumb, 56 bytes, Stack size 8 bytes, stm32f10x_rcc.o(.text), UNUSED)
<BR><BR>[Called By]<UL><LI><a href="#[1d2a64c]">&gt;&gt;</a>&nbsp;&nbsp;&nbsp;RCC_WaitForHSEStartUp
</UL>

<P><STRONG><a name="[1d2a64c]"></a>RCC_WaitForHSEStartUp</STRONG> (Thumb, 48 bytes, Stack size 16 bytes, stm32f10x_rcc.o(.text), UNUSED)
<BR><BR>[Calls]<UL><LI><a href="#[1d2a688]">&gt;&gt;</a>&nbsp;&nbsp;&nbsp;RCC_GetFlagStatus
</UL>

<P><STRONG><a name="[1d2a610]"></a>RCC_AdjustHSICalibrationValue</STRONG> (Thumb, 18 bytes, Stack size 0 bytes, stm32f10x_rcc.o(.text), UNUSED)

<P><STRONG><a name="[1d2a5d4]"></a>RCC_HSICmd</STRONG> (Thumb, 6 bytes, Stack size 0 bytes, stm32f10x_rcc.o(.text), UNUSED)

<P><STRONG><a name="[1d2a598]"></a>RCC_PLLConfig</STRONG> (Thumb, 22 bytes, Stack size 0 bytes, stm32f10x_rcc.o(.text), UNUSED)

<P><STRONG><a name="[1d2a55c]"></a>RCC_PLLCmd</STRONG> (Thumb, 6 bytes, Stack size 0 bytes, stm32f10x_rcc.o(.text), UNUSED)

<P><STRONG><a name="[1d2a520]"></a>RCC_SYSCLKConfig</STRONG> (Thumb, 16 bytes, Stack size 0 bytes, stm32f10x_rcc.o(.text), UNUSED)

<P><STRONG><a name="[1d2a4e4]"></a>RCC_GetSYSCLKSource</STRONG> (Thumb, 10 bytes, Stack size 0 bytes, stm32f10x_rcc.o(.text), UNUSED)

<P><STRONG><a name="[1d2a4a8]"></a>RCC_HCLKConfig</STRONG> (Thumb, 16 bytes, Stack size 0 bytes, stm32f10x_rcc.o(.text), UNUSED)

<P><STRONG><a name="[1d2a46c]"></a>RCC_PCLK1Config</STRONG> (Thumb, 16 bytes, Stack size 0 bytes, stm32f10x_rcc.o(.text), UNUSED)

<P><STRONG><a name="[1d2a430]"></a>RCC_PCLK2Config</STRONG> (Thumb, 18 bytes, Stack size 0 bytes, stm32f10x_rcc.o(.text), UNUSED)

<P><STRONG><a name="[1d2a3f4]"></a>RCC_ITConfig</STRONG> (Thumb, 30 bytes, Stack size 0 bytes, stm32f10x_rcc.o(.text), UNUSED)

<P><STRONG><a name="[1d2a3b8]"></a>RCC_USBCLKConfig</STRONG> (Thumb, 8 bytes, Stack size 0 bytes, stm32f10x_rcc.o(.text), UNUSED)

<P><STRONG><a name="[1d2a37c]"></a>RCC_ADCCLKConfig</STRONG> (Thumb, 16 bytes, Stack size 0 bytes, stm32f10x_rcc.o(.text), UNUSED)

<P><STRONG><a name="[1d2a340]"></a>RCC_LSEConfig</STRONG> (Thumb, 50 bytes, Stack size 0 bytes, stm32f10x_rcc.o(.text), UNUSED)

<P><STRONG><a name="[1d2a304]"></a>RCC_LSICmd</STRONG> (Thumb, 6 bytes, Stack size 0 bytes, stm32f10x_rcc.o(.text), UNUSED)

<P><STRONG><a name="[1d2a2c8]"></a>RCC_RTCCLKConfig</STRONG> (Thumb, 12 bytes, Stack size 0 bytes, stm32f10x_rcc.o(.text), UNUSED)

<P><STRONG><a name="[1d2a28c]"></a>RCC_RTCCLKCmd</STRONG> (Thumb, 8 bytes, Stack size 0 bytes, stm32f10x_rcc.o(.text), UNUSED)

<P><STRONG><a name="[1d2a250]"></a>RCC_GetClocksFreq</STRONG> (Thumb, 194 bytes, Stack size 12 bytes, stm32f10x_rcc.o(.text), UNUSED)

<P><STRONG><a name="[1d2a214]"></a>RCC_AHBPeriphClockCmd</STRONG> (Thumb, 26 bytes, Stack size 0 bytes, stm32f10x_rcc.o(.text), UNUSED)

<P><STRONG><a name="[1d2b27c]"></a>RCC_APB2PeriphClockCmd</STRONG> (Thumb, 26 bytes, Stack size 0 bytes, stm32f10x_rcc.o(.text))
<BR><BR>[Called By]<UL><LI><a href="#[1d2bc90]">&gt;&gt;</a>&nbsp;&nbsp;&nbsp;LED_GPIO_config
</UL>

<P><STRONG><a name="[1d2a1d8]"></a>RCC_APB1PeriphClockCmd</STRONG> (Thumb, 26 bytes, Stack size 0 bytes, stm32f10x_rcc.o(.text), UNUSED)

<P><STRONG><a name="[1d2ab74]"></a>RCC_APB2PeriphResetCmd</STRONG> (Thumb, 26 bytes, Stack size 0 bytes, stm32f10x_rcc.o(.text), UNUSED)
<BR><BR>[Called By]<UL><LI><a href="#[1d2aebc]">&gt;&gt;</a>&nbsp;&nbsp;&nbsp;GPIO_AFIODeInit
<LI><a href="#[1d2aef8]">&gt;&gt;</a>&nbsp;&nbsp;&nbsp;GPIO_DeInit
</UL>

<P><STRONG><a name="[1d2a19c]"></a>RCC_APB1PeriphResetCmd</STRONG> (Thumb, 26 bytes, Stack size 0 bytes, stm32f10x_rcc.o(.text), UNUSED)

<P><STRONG><a name="[1d2a160]"></a>RCC_BackupResetCmd</STRONG> (Thumb, 8 bytes, Stack size 0 bytes, stm32f10x_rcc.o(.text), UNUSED)

<P><STRONG><a name="[1d2a124]"></a>RCC_ClockSecuritySystemCmd</STRONG> (Thumb, 6 bytes, Stack size 0 bytes, stm32f10x_rcc.o(.text), UNUSED)

<P><STRONG><a name="[1d2a0e8]"></a>RCC_MCOConfig</STRONG> (Thumb, 6 bytes, Stack size 0 bytes, stm32f10x_rcc.o(.text), UNUSED)

<P><STRONG><a name="[1d2a0ac]"></a>RCC_ClearFlag</STRONG> (Thumb, 14 bytes, Stack size 0 bytes, stm32f10x_rcc.o(.text), UNUSED)

<P><STRONG><a name="[1d2a070]"></a>RCC_GetITStatus</STRONG> (Thumb, 20 bytes, Stack size 0 bytes, stm32f10x_rcc.o(.text), UNUSED)

<P><STRONG><a name="[1d2a034]"></a>RCC_ClearITPendingBit</STRONG> (Thumb, 6 bytes, Stack size 0 bytes, stm32f10x_rcc.o(.text), UNUSED)

<P><STRONG><a name="[1d2d658]"></a>SystemInit</STRONG> (Thumb, 78 bytes, Stack size 8 bytes, system_stm32f10x.o(.text))
<BR><BR>[Stack]<UL><LI>Max Depth = 16<LI>Call Chain = SystemInit &rArr; SetSysClock
</UL>
<BR>[Calls]<UL><LI><a href="#[1d2983c]">&gt;&gt;</a>&nbsp;&nbsp;&nbsp;SetSysClock
</UL>
<BR>[Address Reference Count : 1]<UL><LI> startup_stm32f10x_md.o(.text)
</UL>
<P><STRONG><a name="[1d295a8]"></a>SystemCoreClockUpdate</STRONG> (Thumb, 142 bytes, Stack size 8 bytes, system_stm32f10x.o(.text), UNUSED)

<P><STRONG><a name="[1d29314]"></a>__use_two_region_memory</STRONG> (Thumb, 2 bytes, Stack size 0 bytes, heapauxi.o(.text), UNUSED)

<P><STRONG><a name="[1d292d8]"></a>__rt_heap_escrow$2region</STRONG> (Thumb, 2 bytes, Stack size 0 bytes, heapauxi.o(.text), UNUSED)

<P><STRONG><a name="[1d2929c]"></a>__rt_heap_expand$2region</STRONG> (Thumb, 2 bytes, Stack size 0 bytes, heapauxi.o(.text), UNUSED)

<P><STRONG><a name="[1d287d4]"></a>__user_setup_stackheap</STRONG> (Thumb, 74 bytes, Stack size 8 bytes, sys_stackheap_outer.o(.text))
<BR><BR>[Stack]<UL><LI>Max Depth = 8 + Unknown Stack Size
<LI>Call Chain = __user_setup_stackheap
</UL>
<BR>[Calls]<UL><LI><a href="#[1d27be0]">&gt;&gt;</a>&nbsp;&nbsp;&nbsp;__user_perproc_libspace
<LI><a href="#[1d2d70c]">&gt;&gt;</a>&nbsp;&nbsp;&nbsp;__user_initial_stackheap
</UL>
<BR>[Called By]<UL><LI><a href="#[1d28900]">&gt;&gt;</a>&nbsp;&nbsp;&nbsp;__rt_entry_sh
</UL>

<P><STRONG><a name="[1d2866c]"></a>exit</STRONG> (Thumb, 12 bytes, Stack size 0 bytes, exit.o(.text))
<BR><BR>[Calls]<UL><LI><a href="#[1d27af0]">&gt;&gt;</a>&nbsp;&nbsp;&nbsp;__rt_exit
</UL>
<BR>[Called By]<UL><LI><a href="#[1d28b1c]">&gt;&gt;</a>&nbsp;&nbsp;&nbsp;__rt_entry_main
</UL>

<P><STRONG><a name="[1d27c1c]"></a>__user_libspace</STRONG> (Thumb, 8 bytes, Stack size 0 bytes, libspace.o(.text), UNUSED)

<P><STRONG><a name="[1d27be0]"></a>__user_perproc_libspace</STRONG> (Thumb, 0 bytes, Stack size 0 bytes, libspace.o(.text))
<BR><BR>[Called By]<UL><LI><a href="#[1d287d4]">&gt;&gt;</a>&nbsp;&nbsp;&nbsp;__user_setup_stackheap
</UL>

<P><STRONG><a name="[1d27ba4]"></a>__user_perthread_libspace</STRONG> (Thumb, 0 bytes, Stack size 0 bytes, libspace.o(.text), UNUSED)

<P><STRONG><a name="[1d25b4c]"></a>_sys_exit</STRONG> (Thumb, 16 bytes, Stack size 0 bytes, sys_exit.o(.text))
<BR><BR>[Called By]<UL><LI><a href="#[1d25e58]">&gt;&gt;</a>&nbsp;&nbsp;&nbsp;__rt_exit_exit
</UL>

<P><STRONG><a name="[1d25318]"></a>__I$use$semihosting</STRONG> (Thumb, 0 bytes, Stack size 0 bytes, use_no_semi.o(.text))
<BR>[Address Reference Count : 1]<UL><LI> sys_exit.o(.text)
</UL>
<P><STRONG><a name="[1d252dc]"></a>__use_no_semihosting_swi</STRONG> (Thumb, 2 bytes, Stack size 0 bytes, use_no_semi.o(.text), UNUSED)
<P>
<H3>
Local Symbols
</H3>
<P><STRONG><a name="[1d29878]"></a>SetSysClockTo72</STRONG> (Thumb, 192 bytes, Stack size 0 bytes, system_stm32f10x.o(.text))
<BR><BR>[Called By]<UL><LI><a href="#[1d2983c]">&gt;&gt;</a>&nbsp;&nbsp;&nbsp;SetSysClock
</UL>

<P><STRONG><a name="[1d2983c]"></a>SetSysClock</STRONG> (Thumb, 8 bytes, Stack size 8 bytes, system_stm32f10x.o(.text))
<BR><BR>[Stack]<UL><LI>Max Depth = 8<LI>Call Chain = SetSysClock
</UL>
<BR>[Calls]<UL><LI><a href="#[1d29878]">&gt;&gt;</a>&nbsp;&nbsp;&nbsp;SetSysClockTo72
</UL>
<BR>[Called By]<UL><LI><a href="#[1d2d658]">&gt;&gt;</a>&nbsp;&nbsp;&nbsp;SystemInit
</UL>
<P>
<H3>
Undefined Global Symbols
</H3><HR></body></html>
